=== stage 1/3: train multi-depth CKA (pcts=0.25,0.5,0.75) ===
[*] Multi-depth pcts: [0.25, 0.5, 0.75]
[+] Loaded 200 borderline prompts from xstest
[*] 30 harmful, 200 borderline, 500 benign

[*] === anchor: microsoft/Phi-3-medium-4k-instruct ===
`flash-attention` package not found, consider installing for better performance: import of flash_attn halted; None in sys.modules.
Current `flash-attenton` does not support `window_size`. Either upgrade or use `attn_implementation='eager'`.
Loading checkpoint shards:   0%|          | 0/6 [00:00<?, ?it/s]Loading checkpoint shards:  17%|█▋        | 1/6 [00:01<00:09,  1.89s/it]Loading checkpoint shards:  33%|███▎      | 2/6 [00:03<00:06,  1.75s/it]Loading checkpoint shards:  50%|█████     | 3/6 [00:05<00:04,  1.63s/it]Loading checkpoint shards:  50%|█████     | 3/6 [00:05<00:05,  1.90s/it]
Traceback (most recent call last):
  File "/home/wertheizer/advers_project/experiments/15_run_multi_depth.py", line 139, in <module>
    main()
  File "/home/wertheizer/advers_project/experiments/15_run_multi_depth.py", line 85, in main
    anc = AutoModelForCausalLM.from_pretrained(a.anchor, **get_load_kwargs(a.anchor_precision))
  File "/home/wertheizer/miniforge3/envs/defense_env/lib/python3.10/site-packages/transformers/models/auto/auto_factory.py", line 559, in from_pretrained
    return model_class.from_pretrained(
  File "/home/wertheizer/miniforge3/envs/defense_env/lib/python3.10/site-packages/transformers/modeling_utils.py", line 4264, in from_pretrained
    ) = cls._load_pretrained_model(
  File "/home/wertheizer/miniforge3/envs/defense_env/lib/python3.10/site-packages/transformers/modeling_utils.py", line 4777, in _load_pretrained_model
    new_error_msgs, offload_index, state_dict_index = _load_state_dict_into_meta_model(
  File "/home/wertheizer/miniforge3/envs/defense_env/lib/python3.10/site-packages/transformers/modeling_utils.py", line 942, in _load_state_dict_into_meta_model
    set_module_tensor_to_device(model, param_name, param_device, **set_module_kwargs)
  File "/home/wertheizer/miniforge3/envs/defense_env/lib/python3.10/site-packages/accelerate/utils/modeling.py", line 343, in set_module_tensor_to_device
    new_value = value.to(device, non_blocking=non_blocking)
torch.OutOfMemoryError: CUDA out of memory. Tried to allocate 350.00 MiB. GPU 0 has a total capacity of 94.97 GiB of which 141.56 MiB is free. Process 1294715 has 77.88 GiB memory in use. Including non-PyTorch memory, this process has 16.94 GiB memory in use. Of the allocated memory 16.40 GiB is allocated by PyTorch, and 1.50 MiB is reserved by PyTorch but unallocated. If reserved but unallocated memory is large try setting PYTORCH_CUDA_ALLOC_CONF=expandable_segments:True to avoid fragmentation.  See documentation for Memory Management  (https://pytorch.org/docs/stable/notes/cuda.html#environment-variables)
